[debug] [2026-08-27T07:26:00.075Z] ----------------------------------------------------------------------
[debug] [2026-08-27T07:26:00.077Z] Command:       /usr/local/bin/firebase /Users/ztlab53/.cache/firebase/tools/lib/node_modules/firebase-tools/lib/bin/firebase init hosting
[debug] [2026-08-27T07:26:00.077Z] CLI Version:   12.6.2
[debug] [2026-08-27T07:26:00.077Z] Platform:      darwin
[debug] [2026-08-27T07:26:00.078Z] Node Version:  v16.16.0
[debug] [2026-08-27T07:26:00.079Z] Time:          Thu Aug 27 2026 12:56:00 GMT+0530 (India Standard Time)
[debug] [2026-08-27T07:26:00.080Z] ----------------------------------------------------------------------
[debug] 
[debug] [2026-08-27T07:26:00.091Z] > command requires scopes: ["email","openid","https://www.googleapis.com/auth/cloudplatformprojects.readonly","https://www.googleapis.com/auth/firebase","https://www.googleapis.com/auth/cloud-platform"]
[debug] [2026-08-27T07:26:00.093Z] > authorizing via signed-in user (kunalc@zignuts.com)
[info] 
     ######## #### ########  ######## ########     ###     ######  ########
     ##        ##  ##     ## ##       ##     ##  ##   ##  ##       ##
     ######    ##  ########  ######   ########  #########  ######  ######
     ##        ##  ##    ##  ##       ##     ## ##     ##       ## ##
     ##       #### ##     ## ######## ########  ##     ##  ######  ########

You're about to initialize a Firebase project in this directory:

  /Users/ztlab53/Documents/Zignuts_React_projects/web/vepaar2

[info] 
=== Project Setup
[info] 
[info] First, let's associate this project directory with a Firebase project.
[info] You can create multiple project aliases by running firebase use --add, 
[info] but for now we'll just set up a default project.
[info] 
[debug] [2026-08-27T07:26:02.099Z] >>> [apiv2][query] GET https://firebase.googleapis.com/v1beta1/projects pageSize=100
[debug] [2026-08-27T07:26:02.821Z] <<< [apiv2][status] GET https://firebase.googleapis.com/v1beta1/projects 200
[debug] [2026-08-27T07:26:02.822Z] <<< [apiv2][body] GET https://firebase.googleapis.com/v1beta1/projects [omitted]
[info] i  Using project fir-e226f (demo) 
[info] 
=== Hosting Setup
[info] 
[info] Your public directory is the folder (relative to your project directory) that
[info] will contain Hosting assets to be uploaded with firebase deploy. If you
[info] have a build process for your assets, use your build's output directory.
[info] 
[debug] [2026-08-27T07:27:01.674Z] >>> [apiv2][query] GET https://www.gstatic.com/firebasejs/releases.json [none]
[debug] [2026-08-27T07:27:01.766Z] <<< [apiv2][status] GET https://www.gstatic.com/firebasejs/releases.json 200
[debug] [2026-08-27T07:27:01.767Z] <<< [apiv2][body] GET https://www.gstatic.com/firebasejs/releases.json {"current":{"version":"12.18.0","browserURL":"https://www.gstatic.com/firebasejs/12.18.0/firebase.js","packageURL":"https://www.gstatic.com/firebasejs/12.18.0/firebase.tgz"},"live":{"version":"12.18","browserURL":"https://www.gstatic.com/firebasejs/live/12.18/firebase.js","packageURL":"https://www.gstatic.com/firebasejs/live/12.18/firebase.tgz"},"components":{"ai":"https://www.gstatic.com/firebasejs/12.18.0/firebase-ai.js","analytics":"https://www.gstatic.com/firebasejs/12.18.0/firebase-analytics.js","app":"https://www.gstatic.com/firebasejs/12.18.0/firebase-app.js","app-check":"https://www.gstatic.com/firebasejs/12.18.0/firebase-app-check.js","auth":"https://www.gstatic.com/firebasejs/12.18.0/firebase-auth.js","auth/cordova":"https://www.gstatic.com/firebasejs/12.18.0/firebase-auth/cordova.js","auth/web-extension":"https://www.gstatic.com/firebasejs/12.18.0/firebase-auth/web-extension.js","functions":"https://www.gstatic.com/firebasejs/12.18.0/firebase-functions.js","firestore":"https://www.gstatic.com/firebasejs/12.18.0/firebase-firestore.js","firestore/lite":"https://www.gstatic.com/firebasejs/12.18.0/firebase-firestore/lite.js","firestore/pipelines":"https://www.gstatic.com/firebasejs/12.18.0/firebase-firestore/pipelines.js","firestore/lite/pipelines":"https://www.gstatic.com/firebasejs/12.18.0/firebase-firestore/lite/pipelines.js","installations":"https://www.gstatic.com/firebasejs/12.18.0/firebase-installations.js","storage":"https://www.gstatic.com/firebasejs/12.18.0/firebase-storage.js","performance":"https://www.gstatic.com/firebasejs/12.18.0/firebase-performance.js","remote-config":"https://www.gstatic.com/firebasejs/12.18.0/firebase-remote-config.js","messaging":"https://www.gstatic.com/firebasejs/12.18.0/firebase-messaging.js","messaging/sw":"https://www.gstatic.com/firebasejs/12.18.0/firebase-messaging/sw.js","database":"https://www.gstatic.com/firebasejs/12.18.0/firebase-database.js","data-connect":"https://www.gstatic.com/firebasejs/12.18.0/firebase-data-connect.js","firestore.memory":"https://www.gstatic.com/firebasejs/12.18.0/firebase-firestore.memory.js"}}
[info] ✔  Wrote y/index.html 
[info] 
[info] i  Detected a .git folder at /Users/ztlab53 
[info] i  Authorizing with GitHub to upload your service account to a GitHub repository's secrets store. 
[info] 
[info] Visit this URL on this device to log in:
[info] https://github.com/login/oauth/authorize?client_id=89cf50f02ac6aaed3484&state=136297173&redirect_uri=http%3A%2F%2Flocalhost%3A9005&scope=read%3Auser%20repo%20public_repo
[info] 
[info] Waiting for authentication...
